C51 COMPILER V9.60.0.0   MAIN                                                              03/06/2022 23:18:17 PAGE 1   


C51 COMPILER V9.60.0.0, COMPILATION OF MODULE MAIN
OBJECT MODULE PLACED IN .\Objects\main.obj
COMPILER INVOKED BY: D:\keil5\C51\BIN\C51.EXE main.c OPTIMIZE(8,SPEED) BROWSE DEBUG OBJECTEXTEND PRINT(.\Listings\main.l
                    -st) TABS(2) OBJECT(.\Objects\main.obj)

line level    source

   1          #include<regx52.h> 
   2          //Firstly, generate a function of 1ms
   3          void Delay1ms(unsigned int xms)   //@12.000MHz
   4          {
   5   1        unsigned char i, j;
   6   1        while(xms <= 500)
   7   1        {
   8   2          i = 2;
   9   2          j = 239;
  10   2          do
  11   2          {
  12   3            while (--j);
  13   3          } while (--i);
  14   2          xms--;
  15   2        }
  16   1      }
  17          void main()
  18          {
  19   1        while(1)
  20   1        {
  21   2        P2 = 0xFE;
  22   2        Delay1ms(100);
  23   2        P2 = 0xFD;
  24   2        Delay1ms(200);
  25   2        P2 = 0xFB;
  26   2        Delay1ms(300);
  27   2        P2 = 0xF7;
  28   2        Delay1ms(400);
  29   2        P2 = 0xEF;
  30   2        Delay1ms(400);  
  31   2        P2 = 0xDF;
  32   2        Delay1ms(300);
  33   2        P2 = 0xBF;
  34   2        Delay1ms(200);  
  35   2        P2 = 0x7F;
  36   2        Delay1ms(100);
  37   2        }
  38   1      }


MODULE INFORMATION:   STATIC OVERLAYABLE
   CODE SIZE        =    107    ----
   CONSTANT SIZE    =   ----    ----
   XDATA SIZE       =   ----    ----
   PDATA SIZE       =   ----    ----
   DATA SIZE        =   ----    ----
   IDATA SIZE       =   ----    ----
   BIT SIZE         =   ----    ----
END OF MODULE INFORMATION.


C51 COMPILATION COMPLETE.  0 WARNING(S),  0 ERROR(S)
